pipdeptree==2.0.0b1
  - pip [required: >=6.0.0, installed: 20.2.3]
setuptools==50.3.0
wheel==0.35.1
